<!DOCTYPE html>
<html dir="ltr" lang="en-US">
  <head></head>
  <body>
    Sample mixin in metalsmith:
    <mixin-sample><span>From file metadata: test</span> <span>From global metadata: someValue</span></mixin-sample>
  </body>
</html>