<!DOCTYPE html>
<html dir="ltr" lang="en-US">
  <head></head>
  <body>
    Sample handlebars parsing in metalsmith:
    <pre>
{{ variable_goes_here }}
</pre>
  </body>
</html>